Γû▓ Next.js 16.2.1 (webpack)
- Environments: .env.local

  Creating an optimized production build ...
Γ£ô Compiled successfully in 1878ms
  Running TypeScript ...
  Finished TypeScript in 2.3s ...
  Collecting page data using 10 workers ...
  Generating static pages using 10 workers (0/9) ...
  Generating static pages using 10 workers (2/9) 
  Generating static pages using 10 workers (4/9) 
  Generating static pages using 10 workers (6/9) 
Γ£ô Generating static pages using 10 workers (9/9) in 672ms
  Finalizing page optimization ...
  Collecting build traces ...

Route (app)
Γöî Γùï /
Γö£ Γùï /_not-found
Γö£ ╞Æ /api/broadcast
Γö£ ╞Æ /api/utxo
Γö£ Γùï /assets
Γö£ Γùï /nodes
Γö£ Γùï /security
Γöö Γùï /transactions


Γùï  (Static)   prerendered as static content
╞Æ  (Dynamic)  server-rendered on demand

